******************************************************************************
                  TI ARM Linker PC v20.2.7                     
******************************************************************************
>> Linked Thu May  7 15:50:43 2026

OUTPUT FILE NAME:   <Test3.out>
ENTRY POINT SYMBOL: "_c_int00_noargs"  address: 00002cc5


MEMORY CONFIGURATION

         name            origin    length      used     unused   attr    fill
----------------------  --------  ---------  --------  --------  ----  --------
  MAIN                  00000000   00200000  00002f6d  001fd093  R  X
  INFO                  00200000   00008000  00000000  00008000  R  X
  SRAM_CODE             01000000   00040000  00000264  0003fd9c  RW X
  SRAM_DATA             20000000   00040000  00000264  0003fd9c  RW  


SEGMENT ALLOCATION MAP

run origin  load origin   length   init length attrs members
----------  ----------- ---------- ----------- ----- -------
00000000    00000000    00002f70   00002f70    r-x
  00000000    00000000    000000e8   000000e8    r-- .intvecs
  000000e8    000000e8    00002d44   00002d44    r-x .text
  00002e2c    00002e2c    00000101   00000101    r-- .const
  00002f30    00002f30    00000040   00000040    r-- .cinit
20000000    20000000    00000064   00000000    rw-
  20000000    20000000    0000003c   00000000    rw- .data
  2000003c    2000003c    00000028   00000000    rw- .bss
2003fe00    2003fe00    00000200   00000000    rw-
  2003fe00    2003fe00    00000200   00000000    rw- .stack


SECTION ALLOCATION MAP

 output                                  attributes/
section   page    origin      length       input sections
--------  ----  ----------  ----------   ----------------
.intvecs   0    00000000    000000e8     
                  00000000    000000e8     startup_msp432p4111_ccs.obj (.intvecs:retain)

.text      0    000000e8    00002d44     
                  000000e8    00000a4e     rtsv7M4_T_le_v4SPD16_eabi.lib : _printfi.c.obj (.text:__TI_printfi)
                  00000b36    00000002                                   : div0.asm.obj (.text)
                  00000b38    0000097c     main.obj (.text)
                  000014b4    00000350     system_msp432p4111.obj (.text)
                  00001804    00000270     rtsv7M4_T_le_v4SPD16_eabi.lib : _printfi.c.obj (.text:_pconv_a)
                  00001a74    000001f4     lcdLib_432.obj (.text)
                  00001c68    000001d0     rtsv7M4_T_le_v4SPD16_eabi.lib : _printfi.c.obj (.text:_pconv_g)
                  00001e38    000001b6                                   : fd_add_t2.asm.obj (.text)
                  00001fee    00000002     --HOLE-- [fill = 0]
                  00001ff0    0000013c                                   : _printfi.c.obj (.text:_pconv_e)
                  0000212c    00000136                                   : fd_div_t2.asm.obj (.text)
                  00002262    00000002     --HOLE-- [fill = 0]
                  00002264    00000124                                   : _printfi.c.obj (.text:fcvt)
                  00002388    00000110                                   : s_scalbn.c.obj (.text:scalbn)
                  00002498    000000fc                                   : fd_mul_t2.asm.obj (.text)
                  00002594    000000b1                                   : _printfi.c.obj (.text:_ltostr)
                  00002645    00000001     --HOLE-- [fill = 0]
                  00002646    0000009c                                   : memcpy_t2.asm.obj (.text)
                  000026e2    00000096                                   : ull_div_t2.asm.obj (.text)
                  00002778    00000086                                   : fd_cmp_t2.asm.obj (.text:__aeabi_cdcmple)
                  000027fe    00000086                                   : fd_cmp_t2.asm.obj (.text:__aeabi_cdrcmple)
                  00002884    0000007a                                   : memset_t2.asm.obj (.text)
                  000028fe    0000006e                                   : _printfi.c.obj (.text:_mcpy)
                  0000296c    00000068                                   : copy_decompress_lzss.c.obj (.text:decompress:lzss:__TI_decompress_lzss)
                  000029d4    00000064                                   : s_frexp.c.obj (.text:frexp)
                  00002a38    00000056                                   : _printfi.c.obj (.text:_pconv_f)
                  00002a8e    00000054                                   : _ltoa.c.obj (.text:__TI_ltoa)
                  00002ae2    00000052                                   : _printfi.c.obj (.text:_ecpy)
                  00002b34    0000004c                                   : atoi.c.obj (.text:atoi)
                  00002b80    00000048                                   : fd_toi_t2.asm.obj (.text)
                  00002bc8    00000044                                   : autoinit.c.obj (.text:__TI_auto_init_nobinit_nopinit:__TI_auto_init_nobinit_nopinit)
                  00002c0c    00000040                                   : sprintf.c.obj (.text:sprintf)
                  00002c4c    0000003e                                   : _printfi.c.obj (.text:_fcpy)
                  00002c8a    00000038                                   : fs_tod_t2.asm.obj (.text)
                  00002cc2    00000002     --HOLE-- [fill = 0]
                  00002cc4    00000034                                   : boot_cortex_m.c.obj (.text:_c_int00_noargs:_c_int00_noargs)
                  00002cf8    0000002e                                   : i_tofd_t2.asm.obj (.text)
                  00002d26    00000002     --HOLE-- [fill = 0]
                  00002d28    00000028                                   : e_sqrtf.c.obj (.text:sqrtf)
                  00002d50    0000001c                                   : copy_zero_init.c.obj (.text:decompress:ZI:__TI_zero_init_nomemset:__TI_zero_init_nomemset)
                  00002d6c    0000001c                                   : memccpy.c.obj (.text:memccpy)
                  00002d88    0000001a                                   : s_copysign.c.obj (.text:copysign)
                  00002da2    00000018                                   : sprintf.c.obj (.text:_outs)
                  00002dba    00000016                                   : strchr.c.obj (.text:strchr)
                  00002dd0    00000014                                   : strlen.c.obj (.text:strlen)
                  00002de4    00000012                                   : wcslen.c.obj (.text:wcslen)
                  00002df6    0000000e                                   : copy_decompress_none.c.obj (.text:decompress:none:__TI_decompress_none)
                  00002e04    0000000e     startup_msp432p4111_ccs.obj (.text)
                  00002e12    0000000a     rtsv7M4_T_le_v4SPD16_eabi.lib : sprintf.c.obj (.text:_outc)
                  00002e1c    00000008                                   : errno.c.obj (.text:__aeabi_errno_addr)
                  00002e24    00000004                                   : pre_init.c.obj (.text:_system_pre_init)
                  00002e28    00000004                                   : exit.c.obj (.text:abort:abort)

.const     0    00002e2c    00000101     
                  00002e2c    00000101     rtsv7M4_T_le_v4SPD16_eabi.lib : ctype.c.obj (.const:.string:_ctypes_)

.cinit     0    00002f30    00000040     
                  00002f30    00000018     (.cinit..data.load) [load image, compression = lzss]
                  00002f48    0000000c     (__TI_handler_table)
                  00002f54    00000004     --HOLE-- [fill = 0]
                  00002f58    00000008     (.cinit..bss.load) [load image, compression = zero_init]
                  00002f60    00000010     (__TI_cinit_table)

.init_array 
*          0    00000000    00000000     UNINITIALIZED

.binit     0    00000000    00000000     

.data      0    20000000    0000003c     UNINITIALIZED
                  20000000    00000034     main.obj (.data)
                  20000034    00000004     rtsv7M4_T_le_v4SPD16_eabi.lib : errno.c.obj (.data)
                  20000038    00000004     system_msp432p4111.obj (.data)

.bss       0    2000003c    00000028     UNINITIALIZED
                  2000003c    00000010     (.common:A0results)
                  2000004c    00000010     (.common:A1results)
                  2000005c    00000004     main.obj (.bss)
                  20000060    00000004     (.common:payload)

.stack     0    2003fe00    00000200     UNINITIALIZED
                  2003fe00    00000004     rtsv7M4_T_le_v4SPD16_eabi.lib : boot_cortex_m.c.obj (.stack)
                  2003fe04    000001fc     --HOLE--

__llvm_prf_cnts 
*          0    20000000    00000000     UNINITIALIZED

MODULE SUMMARY

       Module                        code    ro data   rw data
       ------                        ----    -------   -------
    .\
       main.obj                      2428    0         184    
       system_msp432p4111.obj        848     0         8      
       lcdLib_432.obj                500     0         0      
       startup_msp432p4111_ccs.obj   14      232       0      
    +--+-----------------------------+-------+---------+---------+
       Total:                        3790    232       192    
                                                              
    C:\ti\ccs1281\ccs\tools\compiler\ti-cgt-arm_20.2.7.LTS\lib\rtsv7M4_T_le_v4SPD16_eabi.lib
       _printfi.c.obj                4851    0         0      
       fd_add_t2.asm.obj             438     0         0      
       fd_div_t2.asm.obj             310     0         0      
       s_scalbn.c.obj                272     0         0      
       fd_cmp_t2.asm.obj             268     0         0      
       ctype.c.obj                   0       257       0      
       fd_mul_t2.asm.obj             252     0         0      
       memcpy_t2.asm.obj             156     0         0      
       ull_div_t2.asm.obj            150     0         0      
       memset_t2.asm.obj             122     0         0      
       copy_decompress_lzss.c.obj    104     0         0      
       s_frexp.c.obj                 100     0         0      
       sprintf.c.obj                 98      0         0      
       _ltoa.c.obj                   84      0         0      
       atoi.c.obj                    76      0         0      
       fd_toi_t2.asm.obj             72      0         0      
       autoinit.c.obj                68      0         0      
       fs_tod_t2.asm.obj             56      0         0      
       boot_cortex_m.c.obj           52      0         0      
       i_tofd_t2.asm.obj             46      0         0      
       e_sqrtf.c.obj                 40      0         0      
       copy_zero_init.c.obj          28      0         0      
       memccpy.c.obj                 28      0         0      
       s_copysign.c.obj              26      0         0      
       strchr.c.obj                  22      0         0      
       strlen.c.obj                  20      0         0      
       wcslen.c.obj                  18      0         0      
       errno.c.obj                   8       0         8      
       copy_decompress_none.c.obj    14      0         0      
       exit.c.obj                    4       0         0      
       pre_init.c.obj                4       0         0      
       div0.asm.obj                  2       0         0      
    +--+-----------------------------+-------+---------+---------+
       Total:                        7789    257       8      
                                                              
       Stack:                        0       0         1024   
       Linker Generated:             0       60        0      
    +--+-----------------------------+-------+---------+---------+
       Grand Total:                  11579   549       1224   


LINKER GENERATED COPY TABLES

__TI_cinit_table @ 00002f60 records: 2, size/record: 8, table size: 16
	.data: load addr=00002f30, load size=00000018 bytes, run addr=20000000, run size=0000003c bytes, compression=lzss
	.bss: load addr=00002f58, load size=00000008 bytes, run addr=2000003c, run size=00000028 bytes, compression=zero_init


LINKER GENERATED HANDLER TABLE

__TI_handler_table @ 00002f48 records: 3, size/record: 4, table size: 12
	index: 0, handler: __TI_decompress_lzss
	index: 1, handler: __TI_decompress_none
	index: 2, handler: __TI_zero_init


GLOBAL SYMBOLS: SORTED ALPHABETICALLY BY Name 

address   name                          
-------   ----                          
2000003c  A0results                     
2000004c  A1results                     
00000fd9  ADC14_IRQHandler              
00000fd9  ADC14_IRQHandler              
00000b8f  ADC_Config                    
00002e11  AES256_IRQHandler             
00002e11  BusFault_Handler              
00002e29  C$$EXIT                       
00002e11  COMP_E0_IRQHandler            
00002e11  COMP_E1_IRQHandler            
00002e11  CS_IRQHandler                 
00000b65  Config_GPIO                   
00002e11  DMA_ERR_IRQHandler            
00002e11  DMA_INT0_IRQHandler           
00002e11  DMA_INT1_IRQHandler           
00002e11  DMA_INT2_IRQHandler           
00002e11  DMA_INT3_IRQHandler           
00002e11  DebugMon_Handler              
00002e11  Default_Handler               
00000c11  DisplayLCD                    
00002e11  EUSCIA0_IRQHandler            
00002e11  EUSCIA1_IRQHandler            
00001365  EUSCIA2_IRQHandler            
00001365  EUSCIA2_IRQHandler            
00002e11  EUSCIA3_IRQHandler            
00002e11  EUSCIB0_IRQHandler            
00002e11  EUSCIB1_IRQHandler            
00002e11  EUSCIB2_IRQHandler            
00002e11  EUSCIB3_IRQHandler            
00002e11  FLCTL_A_IRQHandler            
00002e11  FPU_IRQHandler                
00002e11  HardFault_Handler             
00002e11  LCD_F_IRQHandler              
00002e11  MemManage_Handler             
00002e11  NMI_Handler                   
00000c85  Oscillations                  
00002e11  PCM_IRQHandler                
00002e11  PORT1_IRQHandler              
00002e11  PORT2_IRQHandler              
00002e11  PORT3_IRQHandler              
00002e11  PORT4_IRQHandler              
00002e11  PORT5_IRQHandler              
00002e11  PORT6_IRQHandler              
00002e11  PSS_IRQHandler                
00002e11  PendSV_Handler                
00002e11  RTC_C_IRQHandler              
00002e05  Reset_Handler                 
00000e49  RunSelfTest                   
00002e11  SVC_Handler                   
00000d29  SendDataUART                  
000012b1  SysTick_Handler               
000012b1  SysTick_Handler               
20000038  SystemCoreClock               
000014b5  SystemCoreClockUpdate         
0000172d  SystemInit                    
00000bf7  Systick_Config                
00002e11  T32_INT1_IRQHandler           
00002e11  T32_INT2_IRQHandler           
00002e11  T32_INTC_IRQHandler           
00000f93  TA0_0_IRQHandler              
00000f93  TA0_0_IRQHandler              
00002e11  TA0_N_IRQHandler              
00002e11  TA1_0_IRQHandler              
00002e11  TA1_N_IRQHandler              
00002e11  TA2_0_IRQHandler              
00002e11  TA2_N_IRQHandler              
00002e11  TA3_0_IRQHandler              
00002e11  TA3_N_IRQHandler              
00000bcf  TimerA0                       
00000cd3  UART2_Config                  
00002e11  UsageFault_Handler            
4000480c  WDTCTL_SYM                    
00002e11  WDT_A_IRQHandler              
20040000  __STACK_END                   
00000200  __STACK_SIZE                  
00002f60  __TI_CINIT_Base               
00002f70  __TI_CINIT_Limit              
00002f48  __TI_Handler_Table_Base       
00002f54  __TI_Handler_Table_Limit      
00002bc9  __TI_auto_init_nobinit_nopinit
0000296d  __TI_decompress_lzss          
00002df7  __TI_decompress_none          
00002a8f  __TI_ltoa                     
ffffffff  __TI_pprof_out_hndl           
000000e9  __TI_printfi                  
ffffffff  __TI_prof_data_size           
ffffffff  __TI_prof_data_start          
00000000  __TI_static_base__            
00002d51  __TI_zero_init_nomemset       
00002779  __aeabi_cdcmpeq               
00002779  __aeabi_cdcmple               
000027ff  __aeabi_cdrcmple              
00002b81  __aeabi_d2iz                  
00001e43  __aeabi_dadd                  
0000212d  __aeabi_ddiv                  
00002499  __aeabi_dmul                  
00001e39  __aeabi_dsub                  
00002e1d  __aeabi_errno_addr            
00002c8b  __aeabi_f2d                   
00002cf9  __aeabi_i2d                   
00000b37  __aeabi_idiv0                 
00000b37  __aeabi_ldiv0                 
00002885  __aeabi_memclr                
00002885  __aeabi_memclr4               
00002885  __aeabi_memclr8               
00002647  __aeabi_memcpy                
00002647  __aeabi_memcpy4               
00002647  __aeabi_memcpy8               
00002887  __aeabi_memset                
00002887  __aeabi_memset4               
00002887  __aeabi_memset8               
000026e3  __aeabi_uldivmod              
ffffffff  __binit__                     
ffffffff  __c_args__                    
UNDEFED   __mpu_init                    
2003fe00  __stack                       
20000000  __start___llvm_prf_cnts       
20000000  __stop___llvm_prf_cnts        
00002cc5  _c_int00_noargs               
00002e2c  _ctypes_                      
UNDEFED   _system_post_cinit            
00002e25  _system_pre_init              
00002e29  abort                         
00002b35  atoi                          
ffffffff  binit                         
20000010  clonicTime                    
2000001c  cmdIndex                      
00002d89  copysign                      
00002d89  copysignl                     
20000018  endSeizure                    
20000034  errno                         
000029d5  frexp                         
000029d5  frexpl                        
00000000  interruptVectors              
20000028  lastReceivedType              
00001c53  lcdClear                      
00001a75  lcdInit                       
00001c2f  lcdSetInt                     
00001bbb  lcdSetText                    
00001aff  lcdTriggerEN                  
00001b67  lcdWriteCmd                   
00001b15  lcdWriteData                  
00002389  ldexp                         
00002389  ldexpl                        
20000008  levelSeizure                  
20000000  mag                           
00000f45  main                          
00002d6d  memccpy                       
00002647  memcpy                        
0000288d  memset                        
20000060  payload                       
20000004  peak                          
00000c5d  samplingRate                  
00002389  scalbn                        
00002389  scalbnl                       
20000014  seizureTime                   
20000020  selfTestRequested             
00000d0d  sendChar                      
00002c0d  sprintf                       
00002d29  sqrtf                         
00002dbb  strchr                        
00002dd1  strlen                        
20000024  thresholdPercent              
2000000c  tonicTime                     
00002de5  wcslen                        


GLOBAL SYMBOLS: SORTED BY Symbol Address 

address   name                          
-------   ----                          
00000000  __TI_static_base__            
00000000  interruptVectors              
000000e9  __TI_printfi                  
00000200  __STACK_SIZE                  
00000b37  __aeabi_idiv0                 
00000b37  __aeabi_ldiv0                 
00000b65  Config_GPIO                   
00000b8f  ADC_Config                    
00000bcf  TimerA0                       
00000bf7  Systick_Config                
00000c11  DisplayLCD                    
00000c5d  samplingRate                  
00000c85  Oscillations                  
00000cd3  UART2_Config                  
00000d0d  sendChar                      
00000d29  SendDataUART                  
00000e49  RunSelfTest                   
00000f45  main                          
00000f93  TA0_0_IRQHandler              
00000f93  TA0_0_IRQHandler              
00000fd9  ADC14_IRQHandler              
00000fd9  ADC14_IRQHandler              
000012b1  SysTick_Handler               
000012b1  SysTick_Handler               
00001365  EUSCIA2_IRQHandler            
00001365  EUSCIA2_IRQHandler            
000014b5  SystemCoreClockUpdate         
0000172d  SystemInit                    
00001a75  lcdInit                       
00001aff  lcdTriggerEN                  
00001b15  lcdWriteData                  
00001b67  lcdWriteCmd                   
00001bbb  lcdSetText                    
00001c2f  lcdSetInt                     
00001c53  lcdClear                      
00001e39  __aeabi_dsub                  
00001e43  __aeabi_dadd                  
0000212d  __aeabi_ddiv                  
00002389  ldexp                         
00002389  ldexpl                        
00002389  scalbn                        
00002389  scalbnl                       
00002499  __aeabi_dmul                  
00002647  __aeabi_memcpy                
00002647  __aeabi_memcpy4               
00002647  __aeabi_memcpy8               
00002647  memcpy                        
000026e3  __aeabi_uldivmod              
00002779  __aeabi_cdcmpeq               
00002779  __aeabi_cdcmple               
000027ff  __aeabi_cdrcmple              
00002885  __aeabi_memclr                
00002885  __aeabi_memclr4               
00002885  __aeabi_memclr8               
00002887  __aeabi_memset                
00002887  __aeabi_memset4               
00002887  __aeabi_memset8               
0000288d  memset                        
0000296d  __TI_decompress_lzss          
000029d5  frexp                         
000029d5  frexpl                        
00002a8f  __TI_ltoa                     
00002b35  atoi                          
00002b81  __aeabi_d2iz                  
00002bc9  __TI_auto_init_nobinit_nopinit
00002c0d  sprintf                       
00002c8b  __aeabi_f2d                   
00002cc5  _c_int00_noargs               
00002cf9  __aeabi_i2d                   
00002d29  sqrtf                         
00002d51  __TI_zero_init_nomemset       
00002d6d  memccpy                       
00002d89  copysign                      
00002d89  copysignl                     
00002dbb  strchr                        
00002dd1  strlen                        
00002de5  wcslen                        
00002df7  __TI_decompress_none          
00002e05  Reset_Handler                 
00002e11  AES256_IRQHandler             
00002e11  BusFault_Handler              
00002e11  COMP_E0_IRQHandler            
00002e11  COMP_E1_IRQHandler            
00002e11  CS_IRQHandler                 
00002e11  DMA_ERR_IRQHandler            
00002e11  DMA_INT0_IRQHandler           
00002e11  DMA_INT1_IRQHandler           
00002e11  DMA_INT2_IRQHandler           
00002e11  DMA_INT3_IRQHandler           
00002e11  DebugMon_Handler              
00002e11  Default_Handler               
00002e11  EUSCIA0_IRQHandler            
00002e11  EUSCIA1_IRQHandler            
00002e11  EUSCIA3_IRQHandler            
00002e11  EUSCIB0_IRQHandler            
00002e11  EUSCIB1_IRQHandler            
00002e11  EUSCIB2_IRQHandler            
00002e11  EUSCIB3_IRQHandler            
00002e11  FLCTL_A_IRQHandler            
00002e11  FPU_IRQHandler                
00002e11  HardFault_Handler             
00002e11  LCD_F_IRQHandler              
00002e11  MemManage_Handler             
00002e11  NMI_Handler                   
00002e11  PCM_IRQHandler                
00002e11  PORT1_IRQHandler              
00002e11  PORT2_IRQHandler              
00002e11  PORT3_IRQHandler              
00002e11  PORT4_IRQHandler              
00002e11  PORT5_IRQHandler              
00002e11  PORT6_IRQHandler              
00002e11  PSS_IRQHandler                
00002e11  PendSV_Handler                
00002e11  RTC_C_IRQHandler              
00002e11  SVC_Handler                   
00002e11  T32_INT1_IRQHandler           
00002e11  T32_INT2_IRQHandler           
00002e11  T32_INTC_IRQHandler           
00002e11  TA0_N_IRQHandler              
00002e11  TA1_0_IRQHandler              
00002e11  TA1_N_IRQHandler              
00002e11  TA2_0_IRQHandler              
00002e11  TA2_N_IRQHandler              
00002e11  TA3_0_IRQHandler              
00002e11  TA3_N_IRQHandler              
00002e11  UsageFault_Handler            
00002e11  WDT_A_IRQHandler              
00002e1d  __aeabi_errno_addr            
00002e25  _system_pre_init              
00002e29  C$$EXIT                       
00002e29  abort                         
00002e2c  _ctypes_                      
00002f48  __TI_Handler_Table_Base       
00002f54  __TI_Handler_Table_Limit      
00002f60  __TI_CINIT_Base               
00002f70  __TI_CINIT_Limit              
20000000  __start___llvm_prf_cnts       
20000000  __stop___llvm_prf_cnts        
20000000  mag                           
20000004  peak                          
20000008  levelSeizure                  
2000000c  tonicTime                     
20000010  clonicTime                    
20000014  seizureTime                   
20000018  endSeizure                    
2000001c  cmdIndex                      
20000020  selfTestRequested             
20000024  thresholdPercent              
20000028  lastReceivedType              
20000034  errno                         
20000038  SystemCoreClock               
2000003c  A0results                     
2000004c  A1results                     
20000060  payload                       
2003fe00  __stack                       
20040000  __STACK_END                   
4000480c  WDTCTL_SYM                    
ffffffff  __TI_pprof_out_hndl           
ffffffff  __TI_prof_data_size           
ffffffff  __TI_prof_data_start          
ffffffff  __binit__                     
ffffffff  __c_args__                    
ffffffff  binit                         
UNDEFED   __mpu_init                    
UNDEFED   _system_post_cinit            

[165 symbols]
